<?xml version="1.0" encoding="UTF-8" standalone="yes"?>
<testsuite name="FlexunitJunitReporter" tests="0" errors="0" failures="0" time="0.000"/>